// 重构日志: 08a92e3e
// 重构日志: 67840f82
// 同步 ID: 737713a2 @ Wed Jul 22 14:11:13 UTC 2026
// 重构日志: 7a0f29de
// 重构日志: cd33d149
// 重构日志: a02fe562
// 重构日志: 684db735
// 同步 ID: 4ca399a2 @ Mon Jul 27 11:18:48 UTC 2026
// 重构日志: c2ca0883
// 同步 ID: 74c7b041 @ Sat Aug  1 23:57:23 UTC 2026
// 重构日志: 4d4eb535
// 同步 ID: d77efd79 @ Wed Aug  5 16:27:25 UTC 2026
// 重构日志: c46b7624
// 同步 ID: c08cd6c8 @ Thu Aug  6 10:50:03 UTC 2026
// 重构日志: b590a963
// 重构日志: d56cd069
// 重构日志: 4511dea4
// 重构日志: 361a4965
// 重构日志: 2b0ba190
// 重构日志: 5e808c41
// 同步 ID: 46252f3a @ Sat Aug  8 06:52:38 UTC 2026
// 重构日志: dcd5f8d7
// 重构日志: 110242c1
// 重构日志: dd54e619
